bare-20231211230258231-10-9-28-11:28:15305 [3] NCCL INFO Could not enable P2P between dev 1(=24000) and dev 3(=61000)
bare-20231211230258231-10-9-28-11:28:15305 [3] NCCL INFO Could not enable P2P between dev 2(=41000) and dev 3(=61000)
bare-20231211230258231-10-9-28-11:28:15305 [3] NCCL INFO Could not enable P2P between dev 4(=81000) and dev 3(=61000)
bare-20231211230258231-10-9-28-11:28:15305 [3] NCCL INFO Could not enable P2P between dev 5(=a1000) and dev 3(=61000)
bare-20231211230258231-10-9-28-11:28:15305 [3] NCCL INFO Could not enable P2P between dev 6(=c1000) and dev 3(=61000)
bare-20231211230258231-10-9-28-11:28:15305 [3] NCCL INFO Could not enable P2P between dev 0(=1000) and dev 4(=81000)
bare-20231211230258231-10-9-28-11:28:15305 [3] NCCL INFO Could not enable P2P between dev 1(=24000) and dev 4(=81000)
bare-20231211230258231-10-9-28-11:28:15305 [3] NCCL INFO Could not enable P2P between dev 2(=41000) and dev 4(=81000)
bare-20231211230258231-10-9-28-11:28:15305 [3] NCCL INFO Could not enable P2P between dev 3(=61000) and dev 4(=81000)
bare-20231211230258231-10-9-28-11:28:15305 [3] NCCL INFO Could not enable P2P between dev 5(=a1000) and dev 4(=81000)
bare-20231211230258231-10-9-28-11:28:15305 [3] NCCL INFO Could not enable P2P between dev 6(=c1000) and dev 4(=81000)
bare-20231211230258231-10-9-28-11:28:15305 [3] NCCL INFO Could not enable P2P between dev 0(=1000) and dev 5(=a1000)
bare-20231211230258231-10-9-28-11:28:15305 [3] NCCL INFO Could not enable P2P between dev 1(=24000) and dev 5(=a1000)
bare-20231211230258231-10-9-28-11:28:15305 [3] NCCL INFO Could not enable P2P between dev 2(=41000) and dev 5(=a1000)
bare-20231211230258231-10-9-28-11:28:15305 [3] NCCL INFO Could not enable P2P between dev 3(=61000) and dev 5(=a1000)
bare-20231211230258231-10-9-28-11:28:15305 [3] NCCL INFO Could not enable P2P between dev 4(=81000) and dev 5(=a1000)
bare-20231211230258231-10-9-28-11:28:15305 [3] NCCL INFO Could not enable P2P between dev 6(=c1000) and dev 5(=a1000)
bare-20231211230258231-10-9-28-11:28:15305 [3] NCCL INFO Could not enable P2P between dev 0(=1000) and dev 6(=c1000)
bare-20231211230258231-10-9-28-11:28:15305 [3] NCCL INFO Could not enable P2P between dev 1(=24000) and dev 6(=c1000)
bare-20231211230258231-10-9-28-11:28:15305 [3] NCCL INFO Could not enable P2P between dev 2(=41000) and dev 6(=c1000)
bare-20231211230258231-10-9-28-11:28:15305 [3] NCCL INFO Could not enable P2P between dev 3(=61000) and dev 6(=c1000)
bare-20231211230258231-10-9-28-11:28:15305 [3] NCCL INFO Could not enable P2P between dev 4(=81000) and dev 6(=c1000)
bare-20231211230258231-10-9-28-11:28:15305 [3] NCCL INFO Could not enable P2P between dev 5(=a1000) and dev 6(=c1000)
bare-20231211230258231-10-9-28-11:28:15305 [3] NCCL INFO Could not enable P2P between dev 1(=24000) and dev 0(=1000)
bare-20231211230258231-10-9-28-11:28:15305 [3] NCCL INFO Could not enable P2P between dev 2(=41000) and dev 0(=1000)
bare-20231211230258231-10-9-28-11:28:15305 [3] NCCL INFO Could not enable P2P between dev 3(=61000) and dev 0(=1000)
bare-20231211230258231-10-9-28-11:28:15305 [3] NCCL INFO Could not enable P2P between dev 4(=81000) and dev 0(=1000)
bare-20231211230258231-10-9-28-11:28:15305 [3] NCCL INFO Could not enable P2P between dev 5(=a1000) and dev 0(=1000)
bare-20231211230258231-10-9-28-11:28:15305 [3] NCCL INFO Could not enable P2P between dev 6(=c1000) and dev 0(=1000)
bare-20231211230258231-10-9-28-11:28:15305 [3] NCCL INFO Could not enable P2P between dev 0(=1000) and dev 1(=24000)
bare-20231211230258231-10-9-28-11:28:15305 [3] NCCL INFO Could not enable P2P between dev 2(=41000) and dev 1(=24000)
bare-20231211230258231-10-9-28-11:28:15305 [3] NCCL INFO Could not enable P2P between dev 3(=61000) and dev 1(=24000)
bare-20231211230258231-10-9-28-11:28:15305 [3] NCCL INFO Could not enable P2P between dev 4(=81000) and dev 1(=24000)
bare-20231211230258231-10-9-28-11:28:15305 [3] NCCL INFO Could not enable P2P between dev 5(=a1000) and dev 1(=24000)
bare-20231211230258231-10-9-28-11:28:15305 [3] NCCL INFO Could not enable P2P between dev 6(=c1000) and dev 1(=24000)
bare-20231211230258231-10-9-28-11:28:15305 [3] NCCL INFO Could not enable P2P between dev 0(=1000) and dev 2(=41000)
bare-20231211230258231-10-9-28-11:28:15305 [3] NCCL INFO Could not enable P2P between dev 1(=24000) and dev 2(=41000)
bare-20231211230258231-10-9-28-11:28:15305 [3] NCCL INFO Could not enable P2P between dev 3(=61000) and dev 2(=41000)
bare-20231211230258231-10-9-28-11:28:15305 [3] NCCL INFO Could not enable P2P between dev 4(=81000) and dev 2(=41000)
bare-20231211230258231-10-9-28-11:28:15305 [3] NCCL INFO Could not enable P2P between dev 5(=a1000) and dev 2(=41000)
bare-20231211230258231-10-9-28-11:28:15305 [3] NCCL INFO Could not enable P2P between dev 6(=c1000) and dev 2(=41000)
bare-20231211230258231-10-9-28-11:28:15305 [3] NCCL INFO Could not enable P2P between dev 0(=1000) and dev 3(=61000)
bare-20231211230258231-10-9-28-11:28:15305 [3] NCCL INFO Could not enable P2P between dev 1(=24000) and dev 3(=61000)
bare-20231211230258231-10-9-28-11:28:15305 [3] NCCL INFO Could not enable P2P between dev 2(=41000) and dev 3(=61000)
bare-20231211230258231-10-9-28-11:28:15305 [3] NCCL INFO Could not enable P2P between dev 4(=81000) and dev 3(=61000)
bare-20231211230258231-10-9-28-11:28:15305 [3] NCCL INFO Could not enable P2P between dev 5(=a1000) and dev 3(=61000)
bare-20231211230258231-10-9-28-11:28:15305 [3] NCCL INFO Could not enable P2P between dev 6(=c1000) and dev 3(=61000)
bare-20231211230258231-10-9-28-11:28:15305 [3] NCCL INFO Could not enable P2P between dev 0(=1000) and dev 4(=81000)
bare-20231211230258231-10-9-28-11:28:15305 [3] NCCL INFO Could not enable P2P between dev 1(=24000) and dev 4(=81000)
bare-20231211230258231-10-9-28-11:28:15305 [3] NCCL INFO Could not enable P2P between dev 2(=41000) and dev 4(=81000)
bare-20231211230258231-10-9-28-11:28:15305 [3] NCCL INFO Could not enable P2P between dev 3(=61000) and dev 4(=81000)
bare-20231211230258231-10-9-28-11:28:15305 [3] NCCL INFO Could not enable P2P between dev 5(=a1000) and dev 4(=81000)
bare-20231211230258231-10-9-28-11:28:15305 [3] NCCL INFO Could not enable P2P between dev 6(=c1000) and dev 4(=81000)
bare-20231211230258231-10-9-28-11:28:15305 [3] NCCL INFO Could not enable P2P between dev 0(=1000) and dev 5(=a1000)
bare-20231211230258231-10-9-28-11:28:15305 [3] NCCL INFO Could not enable P2P between dev 1(=24000) and dev 5(=a1000)
bare-20231211230258231-10-9-28-11:28:15305 [3] NCCL INFO Could not enable P2P between dev 2(=41000) and dev 5(=a1000)
bare-20231211230258231-10-9-28-11:28:15305 [3] NCCL INFO Could not enable P2P between dev 3(=61000) and dev 5(=a1000)
bare-20231211230258231-10-9-28-11:28:15305 [3] NCCL INFO Could not enable P2P between dev 4(=81000) and dev 5(=a1000)
bare-20231211230258231-10-9-28-11:28:15305 [3] NCCL INFO Could not enable P2P between dev 6(=c1000) and dev 5(=a1000)
bare-20231211230258231-10-9-28-11:28:15305 [3] NCCL INFO Could not enable P2P between dev 0(=1000) and dev 6(=c1000)
bare-20231211230258231-10-9-28-11:28:15305 [3] NCCL INFO Could not enable P2P between dev 1(=24000) and dev 6(=c1000)
bare-20231211230258231-10-9-28-11:28:15305 [3] NCCL INFO Could not enable P2P between dev 2(=41000) and dev 6(=c1000)
bare-20231211230258231-10-9-28-11:28:15305 [3] NCCL INFO Could not enable P2P between dev 3(=61000) and dev 6(=c1000)
bare-20231211230258231-10-9-28-11:28:15305 [3] NCCL INFO Could not enable P2P between dev 4(=81000) and dev 6(=c1000)
bare-20231211230258231-10-9-28-11:28:15305 [3] NCCL INFO Could not enable P2P between dev 5(=a1000) and dev 6(=c1000)
bare-20231211230258231-10-9-28-11:28:15305 [3] NCCL INFO Trees [0] 4/-1/-1->3->2 [1] 4/-1/-1->3->2 [2] 4/-1/-1->3->2 [3] 4/-1/-1->3->2
bare-20231211230258231-10-9-28-11:28:15305 [3] NCCL INFO Setting affinity for GPU 3 to ff,00000000,000000ff
bare-20231211230258231-10-9-28-11:28:15302 [0] NCCL INFO Channel 00/04 :    0   1   2   3   4   5   6
bare-20231211230258231-10-9-28-11:28:15308 [6] NCCL INFO Trees [0] -1/-1/-1->6->5 [1] -1/-1/-1->6->5 [2] -1/-1/-1->6->5 [3] -1/-1/-1->6->5
bare-20231211230258231-10-9-28-11:28:15303 [1] NCCL INFO Trees [0] 2/-1/-1->1->0 [1] 2/-1/-1->1->0 [2] 2/-1/-1->1->0 [3] 2/-1/-1->1->0
bare-20231211230258231-10-9-28-11:28:15308 [6] NCCL INFO Setting affinity for GPU 6 to ff00,00000000,0000ff00,00000000
bare-20231211230258231-10-9-28-11:28:15304 [2] NCCL INFO Trees [0] 3/-1/-1->2->1 [1] 3/-1/-1->2->1 [2] 3/-1/-1->2->1 [3] 3/-1/-1->2->1
bare-20231211230258231-10-9-28-11:28:15307 [5] NCCL INFO Trees [0] 6/-1/-1->5->4 [1] 6/-1/-1->5->4 [2] 6/-1/-1->5->4 [3] 6/-1/-1->5->4
bare-20231211230258231-10-9-28-11:28:15306 [4] NCCL INFO Trees [0] 5/-1/-1->4->3 [1] 5/-1/-1->4->3 [2] 5/-1/-1->4->3 [3] 5/-1/-1->4->3
bare-20231211230258231-10-9-28-11:28:15307 [5] NCCL INFO Setting affinity for GPU 5 to ff0000,00000000,00ff0000,00000000
bare-20231211230258231-10-9-28-11:28:15302 [0] NCCL INFO Channel 01/04 :    0   1   2   3   4   5   6
bare-20231211230258231-10-9-28-11:28:15306 [4] NCCL INFO Setting affinity for GPU 4 to ff000000,00000000,ff000000,00000000
bare-20231211230258231-10-9-28-11:28:15302 [0] NCCL INFO Channel 02/04 :    0   1   2   3   4   5   6
bare-20231211230258231-10-9-28-11:28:15304 [2] NCCL INFO Setting affinity for GPU 2 to ff00,00000000,0000ff00
bare-20231211230258231-10-9-28-11:28:15302 [0] NCCL INFO Channel 03/04 :    0   1   2   3   4   5   6
bare-20231211230258231-10-9-28-11:28:15303 [1] NCCL INFO Setting affinity for GPU 1 to ff0000,00000000,00ff0000
bare-20231211230258231-10-9-28-11:28:15302 [0] NCCL INFO Trees [0] 1/-1/-1->0->-1 [1] 1/-1/-1->0->-1 [2] 1/-1/-1->0->-1 [3] 1/-1/-1->0->-1
bare-20231211230258231-10-9-28-11:28:15302 [0] NCCL INFO Setting affinity for GPU 0 to ff000000,00000000,ff000000
bare-20231211230258231-10-9-28-11:28:15304 [2] NCCL INFO Could not enable P2P between dev 2(=41000) and dev 1(=24000)
bare-20231211230258231-10-9-28-11:28:15305 [3] NCCL INFO Could not enable P2P between dev 3(=61000) and dev 2(=41000)
bare-20231211230258231-10-9-28-11:28:15303 [1] NCCL INFO Could not enable P2P between dev 1(=24000) and dev 0(=1000)
bare-20231211230258231-10-9-28-11:28:15307 [5] NCCL INFO Could not enable P2P between dev 5(=a1000) and dev 4(=81000)
bare-20231211230258231-10-9-28-11:28:15304 [2] NCCL INFO Could not enable P2P between dev 2(=41000) and dev 1(=24000)
bare-20231211230258231-10-9-28-11:28:15305 [3] NCCL INFO Could not enable P2P between dev 3(=61000) and dev 2(=41000)
bare-20231211230258231-10-9-28-11:28:15302 [0] NCCL INFO Could not enable P2P between dev 0(=1000) and dev 6(=c1000)
bare-20231211230258231-10-9-28-11:28:15306 [4] NCCL INFO Could not enable P2P between dev 4(=81000) and dev 3(=61000)
bare-20231211230258231-10-9-28-11:28:15308 [6] NCCL INFO Could not enable P2P between dev 6(=c1000) and dev 5(=a1000)
bare-20231211230258231-10-9-28-11:28:15303 [1] NCCL INFO Could not enable P2P between dev 1(=24000) and dev 0(=1000)
bare-20231211230258231-10-9-28-11:28:15307 [5] NCCL INFO Could not enable P2P between dev 5(=a1000) and dev 4(=81000)
bare-20231211230258231-10-9-28-11:28:15304 [2] NCCL INFO Could not enable P2P between dev 2(=41000) and dev 1(=24000)
bare-20231211230258231-10-9-28-11:28:15305 [3] NCCL INFO Could not enable P2P between dev 3(=61000) and dev 2(=41000)
bare-20231211230258231-10-9-28-11:28:15302 [0] NCCL INFO Could not enable P2P between dev 0(=1000) and dev 6(=c1000)
bare-20231211230258231-10-9-28-11:28:15306 [4] NCCL INFO Could not enable P2P between dev 4(=81000) and dev 3(=61000)
bare-20231211230258231-10-9-28-11:28:15308 [6] NCCL INFO Could not enable P2P between dev 6(=c1000) and dev 5(=a1000)
bare-20231211230258231-10-9-28-11:28:15303 [1] NCCL INFO Could not enable P2P between dev 1(=24000) and dev 0(=1000)
bare-20231211230258231-10-9-28-11:28:15307 [5] NCCL INFO Could not enable P2P between dev 5(=a1000) and dev 4(=81000)
bare-20231211230258231-10-9-28-11:28:15304 [2] NCCL INFO Could not enable P2P between dev 2(=41000) and dev 1(=24000)
bare-20231211230258231-10-9-28-11:28:15305 [3] NCCL INFO Could not enable P2P between dev 3(=61000) and dev 2(=41000)
bare-20231211230258231-10-9-28-11:28:15302 [0] NCCL INFO Could not enable P2P between dev 0(=1000) and dev 6(=c1000)
bare-20231211230258231-10-9-28-11:28:15306 [4] NCCL INFO Could not enable P2P between dev 4(=81000) and dev 3(=61000)
bare-20231211230258231-10-9-28-11:28:15308 [6] NCCL INFO Could not enable P2P between dev 6(=c1000) and dev 5(=a1000)
bare-20231211230258231-10-9-28-11:28:15303 [1] NCCL INFO Could not enable P2P between dev 1(=24000) and dev 0(=1000)
bare-20231211230258231-10-9-28-11:28:15307 [5] NCCL INFO Could not enable P2P between dev 5(=a1000) and dev 4(=81000)
bare-20231211230258231-10-9-28-11:28:15304 [2] NCCL INFO Could not enable P2P between dev 2(=41000) and dev 3(=61000)
bare-20231211230258231-10-9-28-11:28:15305 [3] NCCL INFO Could not enable P2P between dev 3(=61000) and dev 4(=81000)
bare-20231211230258231-10-9-28-11:28:15302 [0] NCCL INFO Could not enable P2P between dev 0(=1000) and dev 6(=c1000)
bare-20231211230258231-10-9-28-11:28:15306 [4] NCCL INFO Could not enable P2P between dev 4(=81000) and dev 3(=61000)
bare-20231211230258231-10-9-28-11:28:15308 [6] NCCL INFO Could not enable P2P between dev 6(=c1000) and dev 5(=a1000)
bare-20231211230258231-10-9-28-11:28:15303 [1] NCCL INFO Could not enable P2P between dev 1(=24000) and dev 2(=41000)
bare-20231211230258231-10-9-28-11:28:15304 [2] NCCL INFO Channel 00 : 2[41000] -> 3[61000] via direct shared memory
bare-20231211230258231-10-9-28-11:28:15304 [2] NCCL INFO Could not enable P2P between dev 2(=41000) and dev 3(=61000)
bare-20231211230258231-10-9-28-11:28:15307 [5] NCCL INFO Could not enable P2P between dev 5(=a1000) and dev 6(=c1000)
bare-20231211230258231-10-9-28-11:28:15305 [3] NCCL INFO Channel 00 : 3[61000] -> 4[81000] via direct shared memory
bare-20231211230258231-10-9-28-11:28:15305 [3] NCCL INFO Could not enable P2P between dev 3(=61000) and dev 4(=81000)
bare-20231211230258231-10-9-28-11:28:15302 [0] NCCL INFO Could not enable P2P between dev 0(=1000) and dev 1(=24000)
bare-20231211230258231-10-9-28-11:28:15306 [4] NCCL INFO Could not enable P2P between dev 4(=81000) and dev 5(=a1000)
bare-20231211230258231-10-9-28-11:28:15303 [1] NCCL INFO Channel 00 : 1[24000] -> 2[41000] via direct shared memory
bare-20231211230258231-10-9-28-11:28:15303 [1] NCCL INFO Could not enable P2P between dev 1(=24000) and dev 2(=41000)
bare-20231211230258231-10-9-28-11:28:15308 [6] NCCL INFO Could not enable P2P between dev 6(=c1000) and dev 0(=1000)
bare-20231211230258231-10-9-28-11:28:15304 [2] NCCL INFO Channel 01 : 2[41000] -> 3[61000] via direct shared memory
bare-20231211230258231-10-9-28-11:28:15304 [2] NCCL INFO Could not enable P2P between dev 2(=41000) and dev 3(=61000)
bare-20231211230258231-10-9-28-11:28:15307 [5] NCCL INFO Channel 00 : 5[a1000] -> 6[c1000] via direct shared memory
bare-20231211230258231-10-9-28-11:28:15307 [5] NCCL INFO Could not enable P2P between dev 5(=a1000) and dev 6(=c1000)
bare-20231211230258231-10-9-28-11:28:15305 [3] NCCL INFO Channel 01 : 3[61000] -> 4[81000] via direct shared memory
bare-20231211230258231-10-9-28-11:28:15305 [3] NCCL INFO Could not enable P2P between dev 3(=61000) and dev 4(=81000)
bare-20231211230258231-10-9-28-11:28:15302 [0] NCCL INFO Channel 00 : 0[1000] -> 1[24000] via direct shared memory
bare-20231211230258231-10-9-28-11:28:15302 [0] NCCL INFO Could not enable P2P between dev 0(=1000) and dev 1(=24000)
bare-20231211230258231-10-9-28-11:28:15306 [4] NCCL INFO Channel 00 : 4[81000] -> 5[a1000] via direct shared memory
bare-20231211230258231-10-9-28-11:28:15306 [4] NCCL INFO Could not enable P2P between dev 4(=81000) and dev 5(=a1000)
bare-20231211230258231-10-9-28-11:28:15303 [1] NCCL INFO Channel 01 : 1[24000] -> 2[41000] via direct shared memory
bare-20231211230258231-10-9-28-11:28:15303 [1] NCCL INFO Could not enable P2P between dev 1(=24000) and dev 2(=41000)
bare-20231211230258231-10-9-28-11:28:15308 [6] NCCL INFO Channel 00 : 6[c1000] -> 0[1000] via direct shared memory
bare-20231211230258231-10-9-28-11:28:15308 [6] NCCL INFO Could not enable P2P between dev 6(=c1000) and dev 0(=1000)
bare-20231211230258231-10-9-28-11:28:15304 [2] NCCL INFO Channel 02 : 2[41000] -> 3[61000] via direct shared memory
bare-20231211230258231-10-9-28-11:28:15304 [2] NCCL INFO Could not enable P2P between dev 2(=41000) and dev 3(=61000)
bare-20231211230258231-10-9-28-11:28:15307 [5] NCCL INFO Channel 01 : 5[a1000] -> 6[c1000] via direct shared memory
bare-20231211230258231-10-9-28-11:28:15307 [5] NCCL INFO Could not enable P2P between dev 5(=a1000) and dev 6(=c1000)
bare-20231211230258231-10-9-28-11:28:15305 [3] NCCL INFO Channel 02 : 3[61000] -> 4[81000] via direct shared memory
bare-20231211230258231-10-9-28-11:28:15305 [3] NCCL INFO Could not enable P2P between dev 3(=61000) and dev 4(=81000)
bare-20231211230258231-10-9-28-11:28:15302 [0] NCCL INFO Channel 01 : 0[1000] -> 1[24000] via direct shared memory
bare-20231211230258231-10-9-28-11:28:15302 [0] NCCL INFO Could not enable P2P between dev 0(=1000) and dev 1(=24000)
bare-20231211230258231-10-9-28-11:28:15306 [4] NCCL INFO Channel 01 : 4[81000] -> 5[a1000] via direct shared memory
bare-20231211230258231-10-9-28-11:28:15306 [4] NCCL INFO Could not enable P2P between dev 4(=81000) and dev 5(=a1000)
bare-20231211230258231-10-9-28-11:28:15303 [1] NCCL INFO Channel 02 : 1[24000] -> 2[41000] via direct shared memory
bare-20231211230258231-10-9-28-11:28:15303 [1] NCCL INFO Could not enable P2P between dev 1(=24000) and dev 2(=41000)
bare-20231211230258231-10-9-28-11:28:15308 [6] NCCL INFO Channel 01 : 6[c1000] -> 0[1000] via direct shared memory
bare-20231211230258231-10-9-28-11:28:15308 [6] NCCL INFO Could not enable P2P between dev 6(=c1000) and dev 0(=1000)
bare-20231211230258231-10-9-28-11:28:15304 [2] NCCL INFO Channel 03 : 2[41000] -> 3[61000] via direct shared memory
bare-20231211230258231-10-9-28-11:28:15307 [5] NCCL INFO Channel 02 : 5[a1000] -> 6[c1000] via direct shared memory
bare-20231211230258231-10-9-28-11:28:15307 [5] NCCL INFO Could not enable P2P between dev 5(=a1000) and dev 6(=c1000)
bare-20231211230258231-10-9-28-11:28:15305 [3] NCCL INFO Channel 03 : 3[61000] -> 4[81000] via direct shared memory
bare-20231211230258231-10-9-28-11:28:15302 [0] NCCL INFO Channel 02 : 0[1000] -> 1[24000] via direct shared memory
bare-20231211230258231-10-9-28-11:28:15302 [0] NCCL INFO Could not enable P2P between dev 0(=1000) and dev 1(=24000)
bare-20231211230258231-10-9-28-11:28:15306 [4] NCCL INFO Channel 02 : 4[81000] -> 5[a1000] via direct shared memory
bare-20231211230258231-10-9-28-11:28:15306 [4] NCCL INFO Could not enable P2P between dev 4(=81000) and dev 5(=a1000)
bare-20231211230258231-10-9-28-11:28:15303 [1] NCCL INFO Channel 03 : 1[24000] -> 2[41000] via direct shared memory
bare-20231211230258231-10-9-28-11:28:15308 [6] NCCL INFO Channel 02 : 6[c1000] -> 0[1000] via direct shared memory
bare-20231211230258231-10-9-28-11:28:15308 [6] NCCL INFO Could not enable P2P between dev 6(=c1000) and dev 0(=1000)
bare-20231211230258231-10-9-28-11:28:15307 [5] NCCL INFO Channel 03 : 5[a1000] -> 6[c1000] via direct shared memory
bare-20231211230258231-10-9-28-11:28:15302 [0] NCCL INFO Channel 03 : 0[1000] -> 1[24000] via direct shared memory
bare-20231211230258231-10-9-28-11:28:15306 [4] NCCL INFO Channel 03 : 4[81000] -> 5[a1000] via direct shared memory
bare-20231211230258231-10-9-28-11:28:15308 [6] NCCL INFO Channel 03 : 6[c1000] -> 0[1000] via direct shared memory
bare-20231211230258231-10-9-28-11:28:15304 [2] NCCL INFO Connected all rings
bare-20231211230258231-10-9-28-11:28:15304 [2] NCCL INFO Could not enable P2P between dev 2(=41000) and dev 3(=61000)
bare-20231211230258231-10-9-28-11:28:15303 [1] NCCL INFO Connected all rings
bare-20231211230258231-10-9-28-11:28:15303 [1] NCCL INFO Could not enable P2P between dev 1(=24000) and dev 2(=41000)
bare-20231211230258231-10-9-28-11:28:15305 [3] NCCL INFO Connected all rings
bare-20231211230258231-10-9-28-11:28:15305 [3] NCCL INFO Could not enable P2P between dev 3(=61000) and dev 4(=81000)
bare-20231211230258231-10-9-28-11:28:15306 [4] NCCL INFO Connected all rings
bare-20231211230258231-10-9-28-11:28:15306 [4] NCCL INFO Could not enable P2P between dev 4(=81000) and dev 5(=a1000)
bare-20231211230258231-10-9-28-11:28:15307 [5] NCCL INFO Connected all rings
bare-20231211230258231-10-9-28-11:28:15307 [5] NCCL INFO Could not enable P2P between dev 5(=a1000) and dev 6(=c1000)
bare-20231211230258231-10-9-28-11:28:15304 [2] NCCL INFO Could not enable P2P between dev 2(=41000) and dev 3(=61000)
bare-20231211230258231-10-9-28-11:28:15302 [0] NCCL INFO Connected all rings
bare-20231211230258231-10-9-28-11:28:15302 [0] NCCL INFO Could not enable P2P between dev 0(=1000) and dev 1(=24000)
bare-20231211230258231-10-9-28-11:28:15308 [6] NCCL INFO Connected all rings
bare-20231211230258231-10-9-28-11:28:15308 [6] NCCL INFO Could not enable P2P between dev 6(=c1000) and dev 5(=a1000)
bare-20231211230258231-10-9-28-11:28:15303 [1] NCCL INFO Could not enable P2P between dev 1(=24000) and dev 2(=41000)
bare-20231211230258231-10-9-28-11:28:15305 [3] NCCL INFO Could not enable P2P between dev 3(=61000) and dev 4(=81000)
bare-20231211230258231-10-9-28-11:28:15306 [4] NCCL INFO Could not enable P2P between dev 4(=81000) and dev 5(=a1000)
bare-20231211230258231-10-9-28-11:28:15307 [5] NCCL INFO Could not enable P2P between dev 5(=a1000) and dev 6(=c1000)
bare-20231211230258231-10-9-28-11:28:15304 [2] NCCL INFO Could not enable P2P between dev 2(=41000) and dev 3(=61000)
bare-20231211230258231-10-9-28-11:28:15308 [6] NCCL INFO Channel 00 : 6[c1000] -> 5[a1000] via direct shared memory
bare-20231211230258231-10-9-28-11:28:15308 [6] NCCL INFO Could not enable P2P between dev 6(=c1000) and dev 5(=a1000)
bare-20231211230258231-10-9-28-11:28:15302 [0] NCCL INFO Could not enable P2P between dev 0(=1000) and dev 1(=24000)
bare-20231211230258231-10-9-28-11:28:15303 [1] NCCL INFO Could not enable P2P between dev 1(=24000) and dev 2(=41000)
bare-20231211230258231-10-9-28-11:28:15305 [3] NCCL INFO Could not enable P2P between dev 3(=61000) and dev 4(=81000)
bare-20231211230258231-10-9-28-11:28:15306 [4] NCCL INFO Could not enable P2P between dev 4(=81000) and dev 5(=a1000)
bare-20231211230258231-10-9-28-11:28:15307 [5] NCCL INFO Could not enable P2P between dev 5(=a1000) and dev 6(=c1000)
bare-20231211230258231-10-9-28-11:28:15308 [6] NCCL INFO Channel 01 : 6[c1000] -> 5[a1000] via direct shared memory
bare-20231211230258231-10-9-28-11:28:15308 [6] NCCL INFO Could not enable P2P between dev 6(=c1000) and dev 5(=a1000)
bare-20231211230258231-10-9-28-11:28:15304 [2] NCCL INFO Could not enable P2P between dev 2(=41000) and dev 3(=61000)
bare-20231211230258231-10-9-28-11:28:15302 [0] NCCL INFO Could not enable P2P between dev 0(=1000) and dev 1(=24000)
bare-20231211230258231-10-9-28-11:28:15303 [1] NCCL INFO Could not enable P2P between dev 1(=24000) and dev 2(=41000)
bare-20231211230258231-10-9-28-11:28:15305 [3] NCCL INFO Could not enable P2P between dev 3(=61000) and dev 4(=81000)
bare-20231211230258231-10-9-28-11:28:15306 [4] NCCL INFO Could not enable P2P between dev 4(=81000) and dev 5(=a1000)
bare-20231211230258231-10-9-28-11:28:15307 [5] NCCL INFO Could not enable P2P between dev 5(=a1000) and dev 6(=c1000)
bare-20231211230258231-10-9-28-11:28:15308 [6] NCCL INFO Channel 02 : 6[c1000] -> 5[a1000] via direct shared memory
bare-20231211230258231-10-9-28-11:28:15308 [6] NCCL INFO Could not enable P2P between dev 6(=c1000) and dev 5(=a1000)
bare-20231211230258231-10-9-28-11:28:15304 [2] NCCL INFO Could not enable P2P between dev 2(=41000) and dev 1(=24000)
bare-20231211230258231-10-9-28-11:28:15302 [0] NCCL INFO Could not enable P2P between dev 0(=1000) and dev 1(=24000)
bare-20231211230258231-10-9-28-11:28:15303 [1] NCCL INFO Could not enable P2P between dev 1(=24000) and dev 0(=1000)
bare-20231211230258231-10-9-28-11:28:15305 [3] NCCL INFO Could not enable P2P between dev 3(=61000) and dev 2(=41000)
bare-20231211230258231-10-9-28-11:28:15306 [4] NCCL INFO Could not enable P2P between dev 4(=81000) and dev 3(=61000)
bare-20231211230258231-10-9-28-11:28:15308 [6] NCCL INFO Channel 03 : 6[c1000] -> 5[a1000] via direct shared memory
bare-20231211230258231-10-9-28-11:28:15307 [5] NCCL INFO Could not enable P2P between dev 5(=a1000) and dev 4(=81000)
bare-20231211230258231-10-9-28-11:28:15304 [2] NCCL INFO Channel 00 : 2[41000] -> 1[24000] via direct shared memory
bare-20231211230258231-10-9-28-11:28:15304 [2] NCCL INFO Could not enable P2P between dev 2(=41000) and dev 1(=24000)
bare-20231211230258231-10-9-28-11:28:15303 [1] NCCL INFO Channel 00 : 1[24000] -> 0[1000] via direct shared memory
bare-20231211230258231-10-9-28-11:28:15303 [1] NCCL INFO Could not enable P2P between dev 1(=24000) and dev 0(=1000)
bare-20231211230258231-10-9-28-11:28:15305 [3] NCCL INFO Channel 00 : 3[61000] -> 2[41000] via direct shared memory
bare-20231211230258231-10-9-28-11:28:15305 [3] NCCL INFO Could not enable P2P between dev 3(=61000) and dev 2(=41000)
bare-20231211230258231-10-9-28-11:28:15306 [4] NCCL INFO Channel 00 : 4[81000] -> 3[61000] via direct shared memory
bare-20231211230258231-10-9-28-11:28:15306 [4] NCCL INFO Could not enable P2P between dev 4(=81000) and dev 3(=61000)
bare-20231211230258231-10-9-28-11:28:15307 [5] NCCL INFO Channel 00 : 5[a1000] -> 4[81000] via direct shared memory
bare-20231211230258231-10-9-28-11:28:15307 [5] NCCL INFO Could not enable P2P between dev 5(=a1000) and dev 4(=81000)
bare-20231211230258231-10-9-28-11:28:15304 [2] NCCL INFO Channel 01 : 2[41000] -> 1[24000] via direct shared memory
bare-20231211230258231-10-9-28-11:28:15304 [2] NCCL INFO Could not enable P2P between dev 2(=41000) and dev 1(=24000)
bare-20231211230258231-10-9-28-11:28:15303 [1] NCCL INFO Channel 01 : 1[24000] -> 0[1000] via direct shared memory
bare-20231211230258231-10-9-28-11:28:15303 [1] NCCL INFO Could not enable P2P between dev 1(=24000) and dev 0(=1000)
bare-20231211230258231-10-9-28-11:28:15305 [3] NCCL INFO Channel 01 : 3[61000] -> 2[41000] via direct shared memory
bare-20231211230258231-10-9-28-11:28:15305 [3] NCCL INFO Could not enable P2P between dev 3(=61000) and dev 2(=41000)
bare-20231211230258231-10-9-28-11:28:15306 [4] NCCL INFO Channel 01 : 4[81000] -> 3[61000] via direct shared memory
bare-20231211230258231-10-9-28-11:28:15306 [4] NCCL INFO Could not enable P2P between dev 4(=81000) and dev 3(=61000)
bare-20231211230258231-10-9-28-11:28:15307 [5] NCCL INFO Channel 01 : 5[a1000] -> 4[81000] via direct shared memory
bare-20231211230258231-10-9-28-11:28:15307 [5] NCCL INFO Could not enable P2P between dev 5(=a1000) and dev 4(=81000)
bare-20231211230258231-10-9-28-11:28:15304 [2] NCCL INFO Channel 02 : 2[41000] -> 1[24000] via direct shared memory
bare-20231211230258231-10-9-28-11:28:15304 [2] NCCL INFO Could not enable P2P between dev 2(=41000) and dev 1(=24000)
bare-20231211230258231-10-9-28-11:28:15303 [1] NCCL INFO Channel 02 : 1[24000] -> 0[1000] via direct shared memory
bare-20231211230258231-10-9-28-11:28:15303 [1] NCCL INFO Could not enable P2P between dev 1(=24000) and dev 0(=1000)
bare-20231211230258231-10-9-28-11:28:15305 [3] NCCL INFO Channel 02 : 3[61000] -> 2[41000] via direct shared memory
bare-20231211230258231-10-9-28-11:28:15305 [3] NCCL INFO Could not enable P2P between dev 3(=61000) and dev 2(=41000)
bare-20231211230258231-10-9-28-11:28:15306 [4] NCCL INFO Channel 02 : 4[81000] -> 3[61000] via direct shared memory
bare-20231211230258231-10-9-28-11:28:15306 [4] NCCL INFO Could not enable P2P between dev 4(=81000) and dev 3(=61000)
bare-20231211230258231-10-9-28-11:28:15307 [5] NCCL INFO Channel 02 : 5[a1000] -> 4[81000] via direct shared memory
bare-20231211230258231-10-9-28-11:28:15307 [5] NCCL INFO Could not enable P2P between dev 5(=a1000) and dev 4(=81000)
bare-20231211230258231-10-9-28-11:28:15304 [2] NCCL INFO Channel 03 : 2[41000] -> 1[24000] via direct shared memory
bare-20231211230258231-10-9-28-11:28:15303 [1] NCCL INFO Channel 03 : 1[24000] -> 0[1000] via direct shared memory
bare-20231211230258231-10-9-28-11:28:15305 [3] NCCL INFO Channel 03 : 3[61000] -> 2[41000] via direct shared memory
bare-20231211230258231-10-9-28-11:28:15306 [4] NCCL INFO Channel 03 : 4[81000] -> 3[61000] via direct shared memory
bare-20231211230258231-10-9-28-11:28:15307 [5] NCCL INFO Channel 03 : 5[a1000] -> 4[81000] via direct shared memory
bare-20231211230258231-10-9-28-11:28:15302 [0] NCCL INFO Connected all trees
bare-20231211230258231-10-9-28-11:28:15302 [0] NCCL INFO threadThresholds 8/8/64 | 56/8/64 | 8/8/512
bare-20231211230258231-10-9-28-11:28:15302 [0] NCCL INFO 4 coll channels, 4 p2p channels, 2 p2p channels per peer
bare-20231211230258231-10-9-28-11:28:15308 [6] NCCL INFO Connected all trees
bare-20231211230258231-10-9-28-11:28:15308 [6] NCCL INFO threadThresholds 8/8/64 | 56/8/64 | 8/8/512
bare-20231211230258231-10-9-28-11:28:15308 [6] NCCL INFO 4 coll channels, 4 p2p channels, 2 p2p channels per peer
bare-20231211230258231-10-9-28-11:28:15303 [1] NCCL INFO Connected all trees
bare-20231211230258231-10-9-28-11:28:15303 [1] NCCL INFO threadThresholds 8/8/64 | 56/8/64 | 8/8/512
bare-20231211230258231-10-9-28-11:28:15303 [1] NCCL INFO 4 coll channels, 4 p2p channels, 2 p2p channels per peer
bare-20231211230258231-10-9-28-11:28:15304 [2] NCCL INFO Connected all trees
bare-20231211230258231-10-9-28-11:28:15304 [2] NCCL INFO threadThresholds 8/8/64 | 56/8/64 | 8/8/512
bare-20231211230258231-10-9-28-11:28:15304 [2] NCCL INFO 4 coll channels, 4 p2p channels, 2 p2p channels per peer
bare-20231211230258231-10-9-28-11:28:15305 [3] NCCL INFO Connected all trees
bare-20231211230258231-10-9-28-11:28:15305 [3] NCCL INFO threadThresholds 8/8/64 | 56/8/64 | 8/8/512
bare-20231211230258231-10-9-28-11:28:15305 [3] NCCL INFO 4 coll channels, 4 p2p channels, 2 p2p channels per peer
bare-20231211230258231-10-9-28-11:28:15307 [5] NCCL INFO Connected all trees
bare-20231211230258231-10-9-28-11:28:15307 [5] NCCL INFO threadThresholds 8/8/64 | 56/8/64 | 8/8/512
bare-20231211230258231-10-9-28-11:28:15307 [5] NCCL INFO 4 coll channels, 4 p2p channels, 2 p2p channels per peer
bare-20231211230258231-10-9-28-11:28:15306 [4] NCCL INFO Connected all trees
bare-20231211230258231-10-9-28-11:28:15306 [4] NCCL INFO threadThresholds 8/8/64 | 56/8/64 | 8/8/512
bare-20231211230258231-10-9-28-11:28:15306 [4] NCCL INFO 4 coll channels, 4 p2p channels, 2 p2p channels per peer
bare-20231211230258231-10-9-28-11:28:15304 [2] NCCL INFO comm 0x7f54f0023470 rank 2 nranks 7 cudaDev 2 busId 41000 - Init COMPLETE
bare-20231211230258231-10-9-28-11:28:15305 [3] NCCL INFO comm 0x7f54e4026660 rank 3 nranks 7 cudaDev 3 busId 61000 - Init COMPLETE
bare-20231211230258231-10-9-28-11:28:15308 [6] NCCL INFO comm 0x7f5504023f50 rank 6 nranks 7 cudaDev 6 busId c1000 - Init COMPLETE
bare-20231211230258231-10-9-28-11:28:15307 [5] NCCL INFO comm 0x7f54f4024330 rank 5 nranks 7 cudaDev 5 busId a1000 - Init COMPLETE
bare-20231211230258231-10-9-28-11:28:15302 [0] NCCL INFO comm 0x7f54f8023a60 rank 0 nranks 7 cudaDev 0 busId 1000 - Init COMPLETE
bare-20231211230258231-10-9-28-11:28:15306 [4] NCCL INFO comm 0x7f54ec0246c0 rank 4 nranks 7 cudaDev 4 busId 81000 - Init COMPLETE
bare-20231211230258231-10-9-28-11:28:15303 [1] NCCL INFO comm 0x7f55000233f0 rank 1 nranks 7 cudaDev 1 busId 24000 - Init COMPLETE
bare-20231211230258231-10-9-28-11:28:28 [0] NCCL INFO Launch mode Parallel
23:31 - Average Validation Loss: 0.0624

*
Delta1=0.103
Delta2=0.202
Delta3=0.288
RMSE=2.768
REL=0.912
Lg10=0.707
SqREL=3.063
MAE=0.859
t_GPU=0.162

2024-06-25 23:31:25 - [34m[1mLOGS[0m - Train and validate this epoch took 14.55min
23:31 - Epoch 1
Epoch [1][0/792]	Time 19.656 (19.656)	ETA 4:19:27	LOSS 3.81	pred 219.2887/-7.5810	lr 0.0001	
Epoch [1][200/792]	Time 1.015 (220.081)	ETA 0:10:00	LOSS 6.61	pred 202.6113/-18.8619	lr 0.0001	
Epoch [1][400/792]	Time 0.946 (414.013)	ETA 0:06:10	LOSS 7.68	pred 245.8589/-24.1235	lr 0.0001	
Epoch [1][600/792]	Time 1.010 (608.589)	ETA 0:03:13	LOSS 8.76	pred 366.5342/-18.6623	lr 0.0001	
2024-06-25 23:44:39 - [34m[1mLOGS[0m - 23:44 - Average Training Loss: 0.1172
23:45 - Average Validation Loss: 0.1656

*
Delta1=0.008
Delta2=0.017
Delta3=0.026
RMSE=2.963
REL=0.950
Lg10=1.231
SqREL=2.714
MAE=1.274
t_GPU=0.135

2024-06-25 23:45:05 - [34m[1mLOGS[0m - Train and validate this epoch took 13.67min
23:45 - Epoch 2
Epoch [2][0/792]	Time 23.229 (23.229)	ETA 5:06:37	LOSS 10.06	pred 503.8947/-21.9387	lr 0.0001	
Epoch [2][200/792]	Time 1.132 (221.194)	ETA 0:11:10	LOSS 11.41	pred 459.3313/-17.1721	lr 0.0001	
Epoch [2][400/792]	Time 1.039 (418.110)	ETA 0:06:47	LOSS 12.92	pred 433.2282/-20.1239	lr 0.0001	
Epoch [2][600/792]	Time 1.047 (615.455)	ETA 0:03:20	LOSS 13.70	pred 504.8568/-17.2274	lr 0.0001	
2024-06-25 23:58:29 - [34m[1mLOGS[0m - 23:58 - Average Training Loss: 0.1980
23:58 - Average Validation Loss: 0.2534

*
Delta1=0.002
Delta2=0.005
Delta3=0.009
RMSE=2.905
REL=0.930
Lg10=1.270
SqREL=2.471
MAE=1.302
t_GPU=0.139

2024-06-25 23:58:57 - [34m[1mLOGS[0m - Train and validate this epoch took 13.86min
23:58 - Epoch 3
Epoch [3][0/792]	Time 21.868 (21.868)	ETA 4:48:39	LOSS 15.42	pred 695.7700/-11.1752	lr 0.0001	
Epoch [3][200/792]	Time 0.937 (214.449)	ETA 0:09:14	LOSS 15.84	pred 708.2967/-21.8633	lr 0.0001	
Epoch [3][400/792]	Time 0.951 (405.640)	ETA 0:06:12	LOSS 16.57	pred 640.2385/-18.9497	lr 0.0001	
Epoch [3][600/792]	Time 0.930 (597.713)	ETA 0:02:58	LOSS 17.28	pred 978.1690/20.0152	lr 0.0001	
2024-06-26 00:11:58 - [34m[1mLOGS[0m - 00:11 - Average Training Loss: 0.2586
00:12 - Average Validation Loss: 0.3264

*
Delta1=0.000
Delta2=0.000
Delta3=0.000
RMSE=2.923
REL=0.947
Lg10=1.333
SqREL=2.514
MAE=1.350
t_GPU=0.126

2024-06-26 00:12:23 - [34m[1mLOGS[0m - Train and validate this epoch took 13.44min
00:12 - Epoch 4
Epoch [4][0/792]	Time 23.599 (23.599)	ETA 5:11:30	LOSS 18.48	pred 780.4476/27.4250	lr 0.0001	
Epoch [4][200/792]	Time 1.023 (217.913)	ETA 0:10:05	LOSS 19.20	pred 801.3958/22.1820	lr 0.0001	
Epoch [4][400/792]	Time 0.989 (410.968)	ETA 0:06:27	LOSS 20.34	pred 928.5056/17.5832	lr 0.0001	
Epoch [4][600/792]	Time 1.021 (604.951)	ETA 0:03:16	LOSS 21.02	pred 772.4380/16.3484	lr 0.0001	
2024-06-26 00:25:39 - [34m[1mLOGS[0m - 00:25 - Average Training Loss: 0.3162
00:26 - Average Validation Loss: 0.4567

*
Delta1=0.000
Delta2=0.000
Delta3=0.000
RMSE=2.925
REL=0.949
Lg10=1.348
SqREL=2.521
MAE=1.364
t_GPU=0.121

2024-06-26 00:26:06 - [34m[1mLOGS[0m - Train and validate this epoch took 13.71min
00:26 - Epoch 5
Epoch [5][0/792]	Time 28.701 (28.701)	ETA 6:18:51	LOSS 22.24	pred 853.9467/-5.9201	lr 0.0001	
Epoch [5][200/792]	Time 1.057 (222.759)	ETA 0:10:25	LOSS 22.86	pred 824.5540/-6.1881	lr 0.0001	
Epoch [5][400/792]	Time 1.053 (423.798)	ETA 0:06:52	LOSS 23.63	pred 801.2450/-3.1739	lr 0.0001	
Epoch [5][600/792]	Time 1.060 (618.464)	ETA 0:03:23	LOSS 24.83	pred 987.8511/-7.3282	lr 0.0001	
2024-06-26 00:39:32 - [34m[1mLOGS[0m - 00:39 - Average Training Loss: 0.3727
00:40 - Average Validation Loss: 0.4407

*
Delta1=0.000
Delta2=0.000
Delta3=0.000
RMSE=2.924
REL=0.946
Lg10=1.336
SqREL=2.515
MAE=1.355
t_GPU=0.146

2024-06-26 00:40:01 - [34m[1mLOGS[0m - Train and validate this epoch took 13.91min
00:40 - Epoch 6
Epoch [6][0/792]	Time 19.292 (19.292)	ETA 4:14:39	LOSS 26.20	pred 1107.9191/-16.4541	lr 0.0001	
Epoch [6][200/792]	Time 0.994 (219.173)	ETA 0:09:48	LOSS 26.43	pred 1051.4790/-30.9879	lr 0.0001	
Epoch [6][400/792]	Time 1.010 (411.951)	ETA 0:06:36	LOSS 26.59	pred 1003.5558/-31.2892	lr 0.0001	
Epoch [6][600/792]	Time 0.920 (606.101)	ETA 0:02:56	LOSS 25.66	pred 1699.9209/-35.4707	lr 0.0001	
2024-06-26 00:53:13 - [34m[1mLOGS[0m - 00:53 - Average Training Loss: 0.4106
00:53 - Average Validation Loss: 0.4258

*
Delta1=0.000
Delta2=0.000
Delta3=0.000
RMSE=2.915
REL=0.943
Lg10=1.308
SqREL=2.499
MAE=1.329
t_GPU=0.118

2024-06-26 00:53:42 - [34m[1mLOGS[0m - Train and validate this epoch took 13.69min
00:53 - Epoch 7
Epoch [7][0/792]	Time 25.281 (25.281)	ETA 5:33:42	LOSS 26.31	pred 1465.6729/-12.4004	lr 0.0001	
Epoch [7][200/792]	Time 0.937 (220.693)	ETA 0:09:14	LOSS 26.84	pred 1343.1097/-12.8787	lr 0.0001	
Epoch [7][400/792]	Time 0.962 (413.304)	ETA 0:06:17	LOSS 26.10	pred 1615.4794/-10.3763	lr 0.0001	
Epoch [7][600/792]	Time 0.933 (606.143)	ETA 0:02:59	LOSS 26.85	pred 1490.5933/-12.2663	lr 0.0001	
2024-06-26 01:06:54 - [34m[1mLOGS[0m - 01:06 - Average Training Loss: 0.4165
01:07 - Average Validation Loss: 0.4509

*
Delta1=0.000
Delta2=0.000
Delta3=0.000
RMSE=2.917
REL=0.944
Lg10=1.315
SqREL=2.503
MAE=1.334
t_GPU=0.117

2024-06-26 01:07:23 - [34m[1mLOGS[0m - Train and validate this epoch took 13.68min
01:07 - Epoch 8
Epoch [8][0/792]	Time 27.064 (27.064)	ETA 5:57:14	LOSS 27.31	pred 1375.0657/-10.8934	lr 0.0001	
Epoch [8][200/792]	Time 0.931 (220.623)	ETA 0:09:11	LOSS 27.79	pred 1969.4574/-14.0904	lr 0.0001	
Epoch [8][400/792]	Time 0.944 (414.396)	ETA 0:06:09	LOSS 29.51	pred 1608.5269/-18.0488	lr 0.0001	
Epoch [8][600/792]	Time 0.969 (608.157)	ETA 0:03:06	LOSS 30.01	pred 1511.2205/-16.9290	lr 0.0001	
2024-06-26 01:20:37 - [34m[1mLOGS[0m - 01:20 - Average Training Loss: 0.4537
01:21 - Average Validation Loss: 0.5893

*
Delta1=0.000
Delta2=0.000
Delta3=0.000
RMSE=2.917
REL=0.944
Lg10=1.317
SqREL=2.504
MAE=1.338
t_GPU=0.128

2024-06-26 01:21:04 - [34m[1mLOGS[0m - Train and validate this epoch took 13.69min
01:21 - Epoch 9
Epoch [9][0/792]	Time 22.128 (22.128)	ETA 4:52:05	LOSS 31.29	pred 1521.4357/-34.8454	lr 0.0001	
Epoch [9][200/792]	Time 0.925 (220.381)	ETA 0:09:07	LOSS 32.45	pred 1562.1339/-28.4682	lr 0.0001	
Epoch [9][400/792]	Time 0.988 (415.093)	ETA 0:06:27	LOSS 32.71	pred 1628.7131/-24.4088	lr 0.0001	
Epoch [9][600/792]	Time 0.919 (608.245)	ETA 0:02:56	LOSS 32.27	pred 1782.0570/-16.5065	lr 0.0001	
2024-06-26 01:34:17 - [34m[1mLOGS[0m - 01:34 - Average Training Loss: 0.5062
01:34 - Average Validation Loss: 0.5644

*
Delta1=0.000
Delta2=0.000
Delta3=0.000
RMSE=2.914
REL=0.943
Lg10=1.307
SqREL=2.497
MAE=1.328
t_GPU=0.105

2024-06-26 01:34:45 - [34m[1mLOGS[0m - Train and validate this epoch took 13.69min
01:34 - Epoch 10
Epoch [10][0/792]	Time 24.990 (24.990)	ETA 5:29:51	LOSS 32.81	pred 1766.9337/-16.8628	lr 0.0001	
Epoch [10][200/792]	Time 0.930 (215.369)	ETA 0:09:10	LOSS 34.11	pred 1615.2871/-25.2256	lr 0.0001	
Epoch [10][400/792]	Time 0.929 (403.900)	ETA 0:06:04	LOSS 34.37	pred 1840.1095/-34.2922	lr 0.0001	
Epoch [10][600/792]	Time 0.919 (592.656)	ETA 0:02:56	LOSS 35.52	pred 1774.1008/-18.6568	lr 0.0001	
2024-06-26 01:47:39 - [34m[1mLOGS[0m - 01:47 - Average Training Loss: 0.5415
01:48 - Average Validation Loss: 0.6223

*
Delta1=0.000
Delta2=0.000
Delta3=0.001
RMSE=2.918
REL=0.944
Lg10=1.321
SqREL=2.506
MAE=1.342
t_GPU=0.117

01:48 - Model saved
2024-06-26 01:48:05 - [34m[1mLOGS[0m - Train and validate this epoch took 13.33min
01:48 - Epoch 11
Epoch [11][0/792]	Time 19.988 (19.988)	ETA 4:23:50	LOSS 36.38	pred 1660.2043/-24.5645	lr 0.0001	
Epoch [11][200/792]	Time 1.062 (215.378)	ETA 0:10:28	LOSS 36.71	pred 2307.2334/-37.1099	lr 0.0001	
Epoch [11][400/792]	Time 1.033 (407.712)	ETA 0:06:44	LOSS 35.98	pred 1900.1940/-10.2682	lr 0.0001	
Epoch [11][600/792]	Time 1.057 (599.673)	ETA 0:03:22	LOSS 37.84	pred 1905.0944/-27.2462	lr 0.0001	
2024-06-26 02:01:10 - [34m[1mLOGS[0m - 02:01 - Average Training Loss: 0.5761
02:01 - Average Validation Loss: 0.7667

*
Delta1=0.000
Delta2=0.001
Delta3=0.001
RMSE=2.915
REL=0.943
Lg10=1.316
SqREL=2.501
MAE=1.337
t_GPU=0.106

02:01 - Model saved
2024-06-26 02:01:36 - [34m[1mLOGS[0m - Train and validate this epoch took 13.52min
02:01 - Epoch 12
Epoch [12][0/792]	Time 22.343 (22.343)	ETA 4:54:55	LOSS 38.02	pred 2348.1577/-28.3012	lr 0.0001	
Epoch [12][200/792]	Time 0.919 (212.780)	ETA 0:09:04	LOSS 39.48	pred 2267.9355/-30.9347	lr 0.0001	
Epoch [12][400/792]	Time 0.936 (402.221)	ETA 0:06:06	LOSS 41.01	pred 2540.1499/-35.4118	lr 0.0001	
Epoch [12][600/792]	Time 0.939 (592.260)	ETA 0:03:00	LOSS 41.22	pred 2721.6409/-57.7194	lr 0.0001	
2024-06-26 02:14:30 - [34m[1mLOGS[0m - 02:14 - Average Training Loss: 0.6250
02:14 - Average Validation Loss: 0.7699

*
Delta1=0.001
Delta2=0.002
Delta3=0.003
RMSE=2.903
REL=0.937
Lg10=1.287
SqREL=2.480
MAE=1.314
t_GPU=0.115

02:14 - Model saved
2024-06-26 02:14:55 - [34m[1mLOGS[0m - Train and validate this epoch took 13.31min
02:14 - Epoch 13
Epoch [13][0/792]	Time 22.679 (22.679)	ETA 4:59:21	LOSS 40.43	pred 3999.5784/-45.7949	lr 0.0001	
Epoch [13][200/792]	Time 0.937 (211.784)	ETA 0:09:14	LOSS 40.39	pred 3093.9055/-48.6841	lr 0.0001	
Epoch [13][400/792]	Time 0.933 (398.891)	ETA 0:06:05	LOSS 40.50	pred 3167.6113/-47.1819	lr 0.0001	
Epoch [13][600/792]	Time 0.948 (586.856)	ETA 0:03:01	LOSS 41.46	pred 2653.3469/-40.2434	lr 0.0001	
2024-06-26 02:27:44 - [34m[1mLOGS[0m - 02:27 - Average Training Loss: 0.6382
02:28 - Average Validation Loss: 0.9256

*
Delta1=0.000
Delta2=0.000
Delta3=0.000
RMSE=2.921
REL=0.946
Lg10=1.336
SqREL=2.512
MAE=1.355
t_GPU=0.107

02:28 - Model saved
2024-06-26 02:28:09 - [34m[1mLOGS[0m - Train and validate this epoch took 13.22min
02:28 - Epoch 14
Epoch [14][0/792]	Time 22.682 (22.682)	ETA 4:59:24	LOSS 42.32	pred 2331.5464/-39.4296	lr 0.0001	
Epoch [14][200/792]	Time 0.996 (216.267)	ETA 0:09:49	LOSS 43.83	pred 2201.2764/-15.9144	lr 0.0001	
Epoch [14][400/792]	Time 0.925 (405.650)	ETA 0:06:02	LOSS 43.36	pred 2152.7336/-11.4803	lr 0.0001	
Epoch [14][600/792]	Time 0.972 (599.270)	ETA 0:03:06	LOSS 43.50	pred 2144.0908/-24.7202	lr 0.0001	
2024-06-26 02:41:11 - [34m[1mLOGS[0m - 02:41 - Average Training Loss: 0.6799
02:41 - Average Validation Loss: 0.7281

*
Delta1=0.000
Delta2=0.000
Delta3=0.000
RMSE=2.921
REL=0.947
Lg10=1.340
SqREL=2.514
MAE=1.359
t_GPU=0.244

02:41 - Model saved
2024-06-26 02:41:39 - [34m[1mLOGS[0m - Train and validate this epoch took 13.51min
02:41 - Epoch 15
Epoch [15][0/792]	Time 20.993 (20.993)	ETA 4:37:06	LOSS 44.14	pred 3013.0310/-24.3153	lr 0.0001	
Epoch [15][200/792]	Time 0.925 (214.824)	ETA 0:09:07	LOSS 44.35	pred 4065.9531/-26.3176	lr 0.0001	
Epoch [15][400/792]	Time 0.939 (407.666)	ETA 0:06:08	LOSS 44.57	pred 3207.0789/-15.8102	lr 0.0001	
Epoch [15][600/792]	Time 0.969 (599.711)	ETA 0:03:05	LOSS 47.06	pred 2784.3347/-32.6434	lr 0.0001	
2024-06-26 02:54:43 - [34m[1mLOGS[0m - 02:54 - Average Training Loss: 0.7120
02:55 - Average Validation Loss: 0.8556

*
Delta1=0.000
Delta2=0.000
Delta3=0.000
RMSE=2.922
REL=0.948
Lg10=1.341
SqREL=2.516
MAE=1.358
t_GPU=0.130

02:55 - Model saved
2024-06-26 02:55:09 - [34m[1mLOGS[0m - Train and validate this epoch took 13.49min
02:55 - Epoch 16
Epoch [16][0/792]	Time 25.462 (25.462)	ETA 5:36:05	LOSS 47.73	pred 2611.0776/-17.6732	lr 0.0001	
Epoch [16][200/792]	Time 0.957 (218.255)	ETA 0:09:26	LOSS 49.07	pred 3275.2664/-26.1037	lr 0.0001	
Epoch [16][400/792]	Time 0.959 (409.790)	ETA 0:06:15	LOSS 52.09	pred 2700.3560/-26.1779	lr 0.0001	
Epoch [16][600/792]	Time 0.940 (600.846)	ETA 0:03:00	LOSS 50.61	pred 2617.9226/-59.0853	lr 0.0001	
2024-06-26 03:08:14 - [34m[1mLOGS[0m - 03:08 - Average Training Loss: 0.7834
03:08 - Average Validation Loss: 0.9420

*
Delta1=0.000
Delta2=0.001
Delta3=0.001
RMSE=2.922
REL=0.948
Lg10=1.348
SqREL=2.519
MAE=1.366
t_GPU=0.148

03:08 - Model saved
2024-06-26 03:08:40 - [34m[1mLOGS[0m - Train and validate this epoch took 13.52min
03:08 - Epoch 17
Epoch [17][0/792]	Time 20.351 (20.351)	ETA 4:28:37	LOSS 51.02	pred 2540.3071/-68.0444	lr 0.0001	
Epoch [17][200/792]	Time 0.980 (216.402)	ETA 0:09:39	LOSS 51.47	pred 3267.2710/-66.1774	lr 0.0001	
Epoch [17][400/792]	Time 0.981 (408.842)	ETA 0:06:24	LOSS 52.57	pred 3551.2114/-80.7910	lr 0.0001	
Epoch [17][600/792]	Time 0.927 (601.130)	ETA 0:02:58	LOSS 52.98	pred 3082.1936/-67.2220	lr 0.0001	
2024-06-26 03:21:45 - [34m[1mLOGS[0m - 03:21 - Average Training Loss: 0.8183
03:22 - Average Validation Loss: 0.9737

*
Delta1=0.000
Delta2=0.001
Delta3=0.001
RMSE=2.920
REL=0.946
Lg10=1.333
SqREL=2.511
MAE=1.354
t_GPU=0.143

03:22 - Model saved
2024-06-26 03:22:12 - [34m[1mLOGS[0m - Train and validate this epoch took 13.53min
03:22 - Epoch 18
Epoch [18][0/792]	Time 21.029 (21.029)	ETA 4:37:34	LOSS 53.36	pred 3497.6287/-80.7759	lr 0.0001	
Epoch [18][200/792]	Time 0.990 (214.704)	ETA 0:09:45	LOSS 54.02	pred 2670.2969/-85.7402	lr 0.0001	
Epoch [18][400/792]	Time 0.946 (406.678)	ETA 0:06:10	LOSS 54.16	pred 2864.5918/-110.2353	lr 0.0001	
Epoch [18][600/792]	Time 0.933 (598.062)	ETA 0:02:59	LOSS 55.19	pred 2422.4607/-77.8016	lr 0.0001	
2024-06-26 03:35:14 - [34m[1mLOGS[0m - 03:35 - Average Training Loss: 0.8534
03:35 - Average Validation Loss: 0.7745

*
Delta1=0.001
Delta2=0.002
Delta3=0.003
RMSE=2.912
REL=0.941
Lg10=1.311
SqREL=2.497
MAE=1.335
t_GPU=0.132

03:35 - Model saved
2024-06-26 03:35:41 - [34m[1mLOGS[0m - Train and validate this epoch took 13.49min
03:35 - Epoch 19
Epoch [19][0/792]	Time 28.410 (28.410)	ETA 6:15:00	LOSS 57.00	pred 3001.5469/-146.6709	lr 0.0001	
Epoch [19][200/792]	Time 0.975 (219.630)	ETA 0:09:37	LOSS 56.22	pred 3115.4871/-144.5155	lr 0.0001	
Epoch [19][400/792]	Time 0.931 (409.825)	ETA 0:06:04	LOSS 55.08	pred 3052.1802/-97.5283	lr 0.0001	
Epoch [19][600/792]	Time 1.000 (600.048)	ETA 0:03:12	LOSS 56.19	pred 2730.7354/-98.8769	lr 0.0001	
2024-06-26 03:48:44 - [34m[1mLOGS[0m - 03:48 - Average Training Loss: 0.8764
03:49 - Average Validation Loss: 0.9788

*
Delta1=0.000
Delta2=0.000
Delta3=0.001
RMSE=2.926
REL=0.948
Lg10=1.349
SqREL=2.522
MAE=1.368
t_GPU=0.116

03:49 - Model saved
2024-06-26 03:49:20 - [34m[1mLOGS[0m - Train and validate this epoch took 13.65min
ckpt_0: ([1, 1, 1, 1, 1, 1], 6, 1.0)
ckpt_2: ([3, 2, 3, 3, 3, 3], 0, 2.8333333333333335)
ckpt_12: ([2, 3, 4, 4, 4, 4], 0, 3.5)
ckpt_18: ([4, 4, 7, 5, 5, 5], 0, 5.0)
ckpt_11: ([7, 7, 9, 8, 8, 8], 0, 7.833333333333333)
ckpt_1: ([20, 20, 2, 2, 2, 2], 0, 8.0)
ckpt_17: ([11, 11, 13, 7, 7, 7], 0, 9.333333333333334)
ckpt_6: ([6, 6, 6, 13, 13, 14], 0, 9.666666666666666)
ckpt_10: ([10, 10, 11, 10, 10, 10], 0, 10.166666666666666)
ckpt_8: ([9, 8, 10, 11, 12, 12], 0, 10.333333333333334)
ckpt_9: ([5, 5, 5, 16, 16, 16], 0, 10.5)
ckpt_16: ([15, 16, 19, 6, 6, 6], 0, 11.333333333333334)
ckpt_7: ([8, 9, 8, 17, 17, 18], 0, 12.833333333333334)
ckpt_14: ([12, 15, 16, 12, 11, 11], 0, 12.833333333333334)
ckpt_13: ([13, 12, 15, 14, 14, 13], 0, 13.5)
ckpt_19: ([19, 18, 20, 9, 9, 9], 0, 14.0)
ckpt_5: ([17, 13, 14, 15, 15, 15], 0, 14.833333333333334)
ckpt_15: ([14, 17, 17, 17, 17, 17], 0, 16.5)
ckpt_3: ([16, 14, 12, 19, 19, 20], 0, 16.666666666666668)
ckpt_4: ([18, 19, 18, 18, 18, 19], 0, 18.333333333333332)
Start evaluating these chosen best checkpoints...
2024-06-26 03:49:20 - [34m[1mLOGS[0m - model_name:DDRNetGUB
=== There exists unexpected keys for DDRNet model originally ===
=== There exists missing keys for DDRNet model originally ===
2024-06-26 03:49:20 - [34m[1mLOGS[0m - best_model_path:./checkpoints/DDRNet-23-slim_GUB_240625_2/checkpoint_0.pth
Traceback (most recent call last):
  File "main.py", line 74, in <module>
    main()
  File "main.py", line 61, in main
    model_trainer.train(opts)
  File "/home/ping.he/projects/MDE/projects/CAEFD/training.py", line 443, in train
    self.evaluate_chosen_ckpts(opts, chosen_ckpts_list)
  File "/home/ping.he/projects/MDE/projects/CAEFD/training.py", line 543, in evaluate_chosen_ckpts
    eval_model = loader.load_model(opts)
  File "/home/ping.he/projects/MDE/projects/CAEFD/model/loader.py", line 302, in load_model
    weights = torch.load(best_model_path)
  File "/usr/local/lib/python3.8/dist-packages/torch/serialization.py", line 594, in load
    with _open_file_like(f, 'rb') as opened_file:
  File "/usr/local/lib/python3.8/dist-packages/torch/serialization.py", line 230, in _open_file_like
    return _open_file(name_or_buffer, mode)
  File "/usr/local/lib/python3.8/dist-packages/torch/serialization.py", line 211, in __init__
    super(_open_file, self).__init__(open(name, mode))
FileNotFoundError: [Errno 2] No such file or directory: './checkpoints/DDRNet-23-slim_GUB_240625_2/checkpoint_0.pth'
